Microchip MPLAB XC8 Compiler V2.10 ()

Linker command line:

-W-3 --edf=C:\Program Files (x86)\Microchip\xc8\v2.10\pic\dat\en_msgs.txt \
  -cs \
  -h+dist/XC8_18F87K22/production\Bluetooth_Home_Automation.X.production.sym \
  --cmf=dist/XC8_18F87K22/production\Bluetooth_Home_Automation.X.production.cmf \
  -z -Q16F877A -oC:\Users\efe_a\AppData\Local\Temp\s1cs.2 \
  --defsym=__MPLAB_BUILD=1 \
  -Mdist/XC8_18F87K22/production/Bluetooth_Home_Automation.X.production.map \
  -E1 -ver=XC8 --acfsm=1493 -ASTACK=0110h-016Fh -pstack=STACK \
  -ACODE=00h-07FFhx4 -ASTRCODE=00h-01FFFh -ASTRING=00h-0FFhx32 \
  -ACONST=00h-0FFhx32 -AENTRY=00h-0FFhx32 -ACOMMON=070h-07Fh \
  -ABANK0=020h-06Fh -ABANK1=0A0h-0EFh -ABANK2=0110h-016Fh \
  -ABANK3=0190h-01EFh -ARAM=020h-06Fh,0A0h-0EFh,0110h-016Fh,0190h-01EFh \
  -AABS1=020h-07Fh,0A0h-0EFh,0110h-016Fh,0190h-01EFh -ASFR0=00h-01Fh \
  -ASFR1=080h-09Fh -ASFR2=0100h-010Fh -ASFR3=0180h-018Fh \
  -preset_vec=00h,intentry,init,end_init -ppowerup=CODE -pcinit=CODE \
  -pfunctab=ENTRY -ACONFIG=02007h-02007h -pconfig=CONFIG -DCONFIG=2 \
  -AIDLOC=02000h-02003h -pidloc=IDLOC -DIDLOC=2 -AEEDATA=00h-0FFh/02100h \
  -peeprom_data=EEDATA -DEEDATA=2 -DCODE=2 -DSTRCODE=2 -DSTRING=2 -DCONST=2 \
  -DENTRY=2 -k C:\Users\efe_a\AppData\Local\Temp\s1cs.o \
  dist/XC8_18F87K22/production\Bluetooth_Home_Automation.X.production.o 

Object code version is 3.11

Machine type is 16F877A



                Name                               Link     Load   Length Selector   Space Scale
C:\Users\efe_a\AppData\Local\Temp\s1cs.o
                end_init                              0        0        3        0       0
                config                             2007     2007        1     400E       0
dist/XC8_18F87K22/production\Bluetooth_Home_Automation.X.production.o
                cinit                               7FC      7FC        4      FF8       0
                text5                               74D      74D       14      E9A       0
                text4                               72B      72B       10      E56       0
                text3                               77B      77B       1F      EF6       0
                text2                               761      761       1A      EC2       0
                text1                               73B      73B       12      E76       0
                maintext                            79A      79A       62      F34       0
                cstackCOMMON                         70       70        7       70       1
                strings                               3        3       72        6       0

TOTAL           Name                               Link     Load   Length     Space
        CLASS   STACK          

        CLASS   CODE           
                end_init                              0        0        3         0
                cinit                               7FC      7FC        4         0
                text5                               74D      74D       14         0
                text4                               72B      72B       10         0
                text3                               77B      77B       1F         0
                text2                               761      761       1A         0
                text1                               73B      73B       12         0
                maintext                            79A      79A       62         0

        CLASS   STRCODE        

        CLASS   STRING         
                strings                               3        3       72         0

        CLASS   CONST          

        CLASS   ENTRY          

        CLASS   COMMON         
                cstackCOMMON                         70       70        7         1

        CLASS   BANK0          

        CLASS   BANK1          

        CLASS   BANK2          

        CLASS   BANK3          

        CLASS   RAM            

        CLASS   ABS1           
                abs_s1                               7E       7E        2         1

        CLASS   SFR0           

        CLASS   SFR1           

        CLASS   SFR2           

        CLASS   SFR3           

        CLASS   CONFIG         
                config                             2007     2007        1         0

        CLASS   IDLOC          

        CLASS   EEDATA         



SEGMENTS        Name                           Load    Length   Top    Selector   Space  Class     Delta

                reset_vec                      000000  000003  000003         0       0  CODE        2
                strings                        000003  000072  000075         6       0  STRING      2
                cstackCOMMON                   000070  000007  000077        70       1  COMMON      1
                text4                          00072B  000010  00073B       E56       0  CODE        2
                text1                          00073B  000012  00074D       E76       0  CODE        2
                text5                          00074D  000014  000761       E9A       0  CODE        2
                text2                          000761  00001A  00077B       EC2       0  CODE        2
                text3                          00077B  00001F  00079A       EF6       0  CODE        2
                maintext                       00079A  000062  0007FC       F34       0  CODE        2
                cinit                          0007FC  000004  000800       FF8       0  CODE        2
                config                         002007  000001  002008      400E       0  CONFIG      2


UNUSED ADDRESS RANGES

        Name                Unused          Largest block    Delta
        BANK0            0020-006F             50           1
        BANK1            00A0-00EF             50           1
        BANK2            0110-016F             60           1
        BANK3            0190-01EF             60           1
        CODE             0075-072A            6B6           2
                         0800-1FFF            800
        COMMON           0077-007D              7           1
        CONST            0075-072A            100           2
                         0800-1FFF            100
        EEDATA           2100-21FF            100           2
        ENTRY            0075-072A            100           2
                         0800-1FFF            100
        IDLOC            2000-2003              4           2
        RAM              0020-006F             50           1
                         00A0-00EF             50
                         0110-016F             60
                         0190-01EF             60
        SFR0             0000-001F             20           1
        SFR1             0080-009F             20           1
        SFR2             0100-010F             10           1
        SFR3             0180-018F             10           1
        STACK            0110-016F             60           1
        STRCODE          0075-072A            6B6           2
                         0800-1FFF           1800
        STRING           0075-072A            100           2
                         0800-1FFF            100

                                  Symbol Table

BT_load_char@byte              cstackCOMMON 0070
BT_load_string@string          cstackCOMMON 0072
_BRGH                          (abs)        04C2
_BT_get_char                   text5        074D
_BT_load_char                  text4        072B
_BT_load_string                text3        077B
_CREN                          (abs)        00C4
_GIE                           (abs)        005F
_Initialize_Bluetooth          text2        0761
_OERR                          (abs)        00C1
_PEIE                          (abs)        005E
_RB3                           (abs)        0033
_RCIE                          (abs)        0465
_RCIF                          (abs)        0065
_RCREG                         (abs)        001A
_RX9                           (abs)        00C6
_SPBRG                         (abs)        0099
_SPEN                          (abs)        00C7
_SYNC                          (abs)        04C4
_TRISB3                        (abs)        0433
_TRISC6                        (abs)        043E
_TRISC7                        (abs)        043F
_TRMT                          (abs)        04C1
_TX9                           (abs)        04C6
_TXEN                          (abs)        04C5
_TXIE                          (abs)        0464
_TXIF                          (abs)        0064
_TXREG                         (abs)        0019
__CFG_BOREN$OFF                (abs)        0000
__CFG_CP$OFF                   (abs)        0000
__CFG_CPD$OFF                  (abs)        0000
__CFG_FOSC$HS                  (abs)        0000
__CFG_LVP$OFF                  (abs)        0000
__CFG_PWRTE$OFF                (abs)        0000
__CFG_WDTE$OFF                 (abs)        0000
__CFG_WRT$OFF                  (abs)        0000
__Habs1                        abs1         0000
__Hbank0                       bank0        0000
__Hbank1                       bank1        0000
__Hbank2                       bank2        0000
__Hbank3                       bank3        0000
__Hcinit                       cinit        0800
__Hclrtext                     clrtext      0000
__Hcode                        code         0000
__Hcommon                      common       0000
__Hconfig                      config       2008
__HcstackCOMMON                cstackCOMMON 0000
__Heeprom_data                 eeprom_data  0000
__Hend_init                    end_init     0003
__Hfunctab                     functab      0000
__Hidloc                       idloc        0000
__Hinit                        init         0000
__Hintentry                    intentry     0000
__Hmaintext                    maintext     0000
__Hpowerup                     powerup      0000
__Hram                         ram          0000
__Hreset_vec                   reset_vec    0000
__Hsfr0                        sfr0         0000
__Hsfr1                        sfr1         0000
__Hsfr2                        sfr2         0000
__Hsfr3                        sfr3         0000
__Hspace_0                     (abs)        2008
__Hspace_1                     (abs)        0077
__Hspace_2                     (abs)        0000
__Hspace_3                     (abs)        0000
__Hstack                       stack        0000
__Hstrings                     strings      0000
__Htext                        text         0000
__Labs1                        abs1         0000
__Lbank0                       bank0        0000
__Lbank1                       bank1        0000
__Lbank2                       bank2        0000
__Lbank3                       bank3        0000
__Lcinit                       cinit        07FC
__Lclrtext                     clrtext      0000
__Lcode                        code         0000
__Lcommon                      common       0000
__Lconfig                      config       2007
__LcstackCOMMON                cstackCOMMON 0000
__Leeprom_data                 eeprom_data  0000
__Lend_init                    end_init     0000
__Lfunctab                     functab      0000
__Lidloc                       idloc        0000
__Linit                        init         0000
__Lintentry                    intentry     0000
__Lmaintext                    maintext     0000
__Lpowerup                     powerup      0000
__Lram                         ram          0000
__Lreset_vec                   reset_vec    0000
__Lsfr0                        sfr0         0000
__Lsfr1                        sfr1         0000
__Lsfr2                        sfr2         0000
__Lsfr3                        sfr3         0000
__Lspace_0                     (abs)        0000
__Lspace_1                     (abs)        0000
__Lspace_2                     (abs)        0000
__Lspace_3                     (abs)        0000
__Lstack                       stack        0000
__Lstrings                     strings      0000
__Ltext                        text         0000
__S0                           (abs)        2008
__S1                           (abs)        0077
__S2                           (abs)        0000
__S3                           (abs)        0000
___int_sp                      stack        0000
___latbits                     (abs)        0002
___sp                          stack        0000
___stackhi                     (abs)        0000
___stacklo                     (abs)        0000
__end_of_BT_get_char           text5        0761
__end_of_BT_load_char          text4        073B
__end_of_BT_load_string        text3        079A
__end_of_Initialize_Bluetooth  text2        077B
__end_of__initialization       cinit        07FC
__end_of__stringtab            strings      0009
__end_of_broadcast_BT          text1        074D
__end_of_main                  maintext     07FC
__initialization               cinit        07FC
__pcstackCOMMON                cstackCOMMON 0070
__pmaintext                    maintext     079A
__pstrings                     strings      0003
__ptext1                       text1        073B
__ptext2                       text2        0761
__ptext3                       text3        077B
__ptext4                       text4        072B
__ptext5                       text5        074D
__size_of_BT_get_char          (abs)        0000
__size_of_BT_load_char         (abs)        0000
__size_of_BT_load_string       (abs)        0000
__size_of_Initialize_Bluetooth (abs)        0000
__size_of_broadcast_BT         (abs)        0000
__size_of_main                 (abs)        0000
__stringbase                   strings      0008
__stringtab                    strings      0003
_broadcast_BT                  text1        073B
_main                          maintext     079A
btemp                          (abs)        007E
end_of_initialization          cinit        07FC
intlevel0                      functab      0000
intlevel1                      functab      0000
intlevel2                      functab      0000
intlevel3                      functab      0000
intlevel4                      functab      0000
intlevel5                      functab      0000
main@get_value                 cstackCOMMON 0075
reset_vec                      reset_vec    0000
start                          init         0000
start_initialization           cinit        07FC
wtemp0                         (abs)        007E


FUNCTION INFORMATION:

 *************** function _main *****************
 Defined at:
		line 145 in file "main.c"
 Parameters:    Size  Location     Type
		None
 Auto vars:     Size  Location     Type
  get_value       2    5[COMMON] int 
 Return value:  Size  Location     Type
                  1    wreg      void 
 Registers used:
		wreg, fsr0l, fsr0h, status,2, status,0, pclath, cstack
 Tracked objects:
		On entry : 
		On exit  : 
		Unchanged: 
 Data sizes:     COMMON   BANK0   BANK1   BANK3   BANK2
      Params:         0       0       0       0       0
      Locals:         2       0       0       0       0
      Temps:          2       0       0       0       0
      Totals:         4       0       0       0       0
Total ram usage:        4 bytes
 Hardware stack levels required when called:    2
 This function calls:
		_BT_get_char
		_BT_load_string
		_Initialize_Bluetooth
		_broadcast_BT
 This function is called by:
		Startup code after reset
 This function uses a non-reentrant model


 *************** function _broadcast_BT *****************
 Defined at:
		line 119 in file "main.c"
 Parameters:    Size  Location     Type
		None
 Auto vars:     Size  Location     Type
		None
 Return value:  Size  Location     Type
                  1    wreg      void 
 Registers used:
		wreg
 Tracked objects:
		On entry : 
		On exit  : 
		Unchanged: 
 Data sizes:     COMMON   BANK0   BANK1   BANK3   BANK2
      Params:         0       0       0       0       0
      Locals:         0       0       0       0       0
      Temps:          3       0       0       0       0
      Totals:         3       0       0       0       0
Total ram usage:        3 bytes
 Hardware stack levels used:    1
 This function calls:
		Nothing
 This function is called by:
		_main
 This function uses a non-reentrant model


 *************** function _Initialize_Bluetooth *****************
 Defined at:
		line 69 in file "main.c"
 Parameters:    Size  Location     Type
		None
 Auto vars:     Size  Location     Type
		None
 Return value:  Size  Location     Type
                  1    wreg      void 
 Registers used:
		wreg
 Tracked objects:
		On entry : 
		On exit  : 
		Unchanged: 
 Data sizes:     COMMON   BANK0   BANK1   BANK3   BANK2
      Params:         0       0       0       0       0
      Locals:         0       0       0       0       0
      Temps:          0       0       0       0       0
      Totals:         0       0       0       0       0
Total ram usage:        0 bytes
 Hardware stack levels used:    1
 This function calls:
		Nothing
 This function is called by:
		_main
 This function uses a non-reentrant model


 *************** function _BT_load_string *****************
 Defined at:
		line 111 in file "main.c"
 Parameters:    Size  Location     Type
  string          1    wreg     PTR unsigned char 
		 -> STR_5(14), STR_4(15), STR_3(24), STR_2(23), 
		 -> STR_1(32), 
 Auto vars:     Size  Location     Type
  string          1    2[COMMON] PTR unsigned char 
		 -> STR_5(14), STR_4(15), STR_3(24), STR_2(23), 
		 -> STR_1(32), 
 Return value:  Size  Location     Type
                  1    wreg      void 
 Registers used:
		wreg, fsr0l, fsr0h, status,2, status,0, pclath, cstack
 Tracked objects:
		On entry : 
		On exit  : 
		Unchanged: 
 Data sizes:     COMMON   BANK0   BANK1   BANK3   BANK2
      Params:         0       0       0       0       0
      Locals:         1       0       0       0       0
      Temps:          1       0       0       0       0
      Totals:         2       0       0       0       0
Total ram usage:        2 bytes
 Hardware stack levels used:    1
 Hardware stack levels required when called:    1
 This function calls:
		_BT_load_char
 This function is called by:
		_main
 This function uses a non-reentrant model


 *************** function _BT_load_char *****************
 Defined at:
		line 102 in file "main.c"
 Parameters:    Size  Location     Type
  byte            1    wreg     unsigned char 
 Auto vars:     Size  Location     Type
  byte            1    0[COMMON] unsigned char 
 Return value:  Size  Location     Type
                  1    wreg      void 
 Registers used:
		wreg
 Tracked objects:
		On entry : 
		On exit  : 
		Unchanged: 
 Data sizes:     COMMON   BANK0   BANK1   BANK3   BANK2
      Params:         0       0       0       0       0
      Locals:         1       0       0       0       0
      Temps:          0       0       0       0       0
      Totals:         1       0       0       0       0
Total ram usage:        1 bytes
 Hardware stack levels used:    1
 This function calls:
		Nothing
 This function is called by:
		_BT_load_string
 This function uses a non-reentrant model


 *************** function _BT_get_char *****************
 Defined at:
		line 127 in file "main.c"
 Parameters:    Size  Location     Type
		None
 Auto vars:     Size  Location     Type
		None
 Return value:  Size  Location     Type
                  1    wreg      unsigned char 
 Registers used:
		wreg
 Tracked objects:
		On entry : 
		On exit  : 
		Unchanged: 
 Data sizes:     COMMON   BANK0   BANK1   BANK3   BANK2
      Params:         0       0       0       0       0
      Locals:         0       0       0       0       0
      Temps:          0       0       0       0       0
      Totals:         0       0       0       0       0
Total ram usage:        0 bytes
 Hardware stack levels used:    1
 This function calls:
		Nothing
 This function is called by:
		_main
 This function uses a non-reentrant model



MODULE INFORMATION

Module		Function		Class		Link	Load	Size
shared
		__stringtab    		STRING         	0003	0000	7
		__initialization		CODE           	07FC	0000	1

shared estimated size: 8

main.c
		_Initialize_Bluetooth		CODE           	0761	0000	27
		_BT_get_char   		CODE           	074D	0000	21
		_BT_load_char  		CODE           	072B	0000	17
		_main          		CODE           	079A	0000	99
		_BT_load_string		CODE           	077B	0000	32
		_broadcast_BT  		CODE           	073B	0000	19

main.c estimated size: 215

